// Vitest Snapshot v1, https://vitest.dev/guide/snapshot.html

exports[`FuiButton > renders a button element 1`] = `
<span
  class="button"
>
  
  
</span>
`;
